TARGET_BASELINE_VERSION=v1.3
POST_COMMIT_PROOF_CMD=git show --name-only --pretty=format: HEAD
POST_COMMIT_PROOF_EXPECTED_PATH=scripts/doctor.mjs
OPS_SYNTH_OVERRIDE_ENABLED=0
SSOT_BOUNDARY_GUARD_RAN=1
SSOT_DECLARED_COUNT=7
SSOT_MISSING_COUNT=0
SSOT_BOUNDARY_ENFORCED=1
STRICT_LIE_CLASS_01_DEBT_LINKAGE_DEFINED=1
STRICT_LIE_CLASS_01_VIOLATIONS=[]
STRICT_LIE_CLASS_01_VIOLATIONS_COUNT=0
STRICT_LIE_CLASS_02_VIOLATIONS=[]
STRICT_LIE_CLASS_02_VIOLATIONS_COUNT=0
STRICT_LIE_CLASSES_OK=1
SECTOR_U_PHASE=DONE
SECTOR_U_BASELINE_SHA=b3cff0045a60cbd9ecce45d95a441ab687e5af2a
SECTOR_U_GO_TAG=GO:SECTOR_U_DONE
SECTOR_U_STATUS_OK=1
SECTOR_M_PHASE_COMPAT=M9
SECTOR_M_PHASE=DONE
SECTOR_M_BASELINE_SHA=746241f43a9fd25065501f9e17523d8a77d735eb
SECTOR_M_GO_TAG=GO:SECTOR_M_DONE
SECTOR_M_STATUS_OK=1
M0_RUNNER_EXISTS=1
M0_TESTS_OK=1
M0_PROOF_OK=1
M1_CONTRACT_DOCS_PRESENT=1
M1_CONTRACT_DOCS_COMPLETE=1
M1_SECURITY_POLICY_OK=1
M1_LOSS_POLICY_OK=1
M1_GO_TAG_RULE_OK=1
M1_CONTRACT_OK=1
M2_TRANSFORM_OK=1
M2_ROUNDTRIP_OK=1
M2_ROUNDTRIP_LOSS_COUNT=3
M2_LIMITS_OK=1
M2_SECURITY_ENFORCEMENT_OK=1
M3_COMMAND_WIRING_OK=1
M3_IMPORT_CMD_OK=1
M3_EXPORT_CMD_OK=1
M3_TYPED_ERRORS_OK=1
M4_UI_PATH_OK=1
M4_GO_TAG_RULE_OK=1
M5_RELIABILITY_OK=0
M5_ATOMIC_WRITE_OK=0
M5_RECOVERY_SNAPSHOT_OK=0
M5_CORRUPTION_HANDLING_OK=0
M5_LIMITS_ENFORCED_OK=1
M5_TYPED_ERRORS_OK=1
M6_RELIABILITY_OK=1
M6_RECOVERY_UX_OK=1
M6_SAFETY_CONFIG_OK=1
M6_DETERMINISTIC_LOG_OK=1
M7_PHASE_READY_OK=1
M7_FLOW_VIEW_OK=1
M7_FLOW_EDIT_OK=1
M7_FLOW_UX_OK=1
M7_CORE_OK=1
M7_NEXT_OK=1
M7_GO_TAG_RULE_OK=1
M8_PHASE_READY_OK=1
M8_KICKOFF_OK=1
M8_GO_TAG_RULE_OK=1
M8_CORE_OK=1
M8_CORE_GO_TAG_RULE_OK=1
M8_NEXT_OK=1
M8_NEXT_GO_TAG_RULE_OK=1
M8_CLOSE_OK=1
M8_CLOSE_GO_TAG_RULE_OK=1
M9_PHASE_READY_OK=1
M9_KICKOFF_OK=1
M9_GO_TAG_RULE_OK=1
M9_CORE_OK=1
M9_CORE_GO_TAG_RULE_OK=1
M9_NEXT_OK=1
M9_NEXT_GO_TAG_RULE_OK=1
SECTOR_M_CLOSE_REPORT_PATH=docs/OPS/STATUS/SECTOR_M_CLOSE_REPORT.md
SECTOR_M_CLOSED_LOCK_PATH=docs/OPS/STATUS/SECTOR_M_CLOSED_LOCK.json
SECTOR_M_CLOSE_READY=1
SECTOR_M_CLOSE_OK=1
SECTOR_M_CLOSED_MUTATION=0
SECTOR_M_CLOSED_MUTATION_VIOLATIONS=[]
SECTOR_U_WAIVERS_AFFECTING_COUNT=0
SECTOR_U_WAIVERS_AFFECTING_LIST=[]
SECTOR_U_NO_RUNTIME_PRODUCT_WAIVERS_OK=1
SECTOR_U_FAST_DURATION_MS=-1
SECTOR_U_FAST_DURATION_OK=0
U1_COMMAND_REGISTRY_EXISTS=1
U1_COMMANDS_OPEN_SAVE_EXIST=1
U1_COMMAND_EXPORT_DOCXMIN_EXISTS=1
U1_COMMANDS_TESTS_OK=1
U1_COMMANDS_PROOF_OK=1
U1_COMMAND_SOURCE=catalog
U1_COMMAND_CATALOG_MISSING_IDS=[]
U1_COMMAND_CATALOG_SURFACE_MISMATCH_IDS=[]
U2_RULE_EXISTS=1
U2_TESTS_OK=1
U2_PROOF_OK=1
U2_MODE=DETECT_ONLY
U2_TTL_EXPIRED=0
U2_FINDINGS_TOTAL=0
U2_FALSE_POSITIVE_RATE=0.0000
U2_PR_COUNT=0
U3_EXPORT_WIRING_EXISTS=1
U3_EXPORT_TESTS_OK=1
U3_EXPORT_PROOF_OK=1
U4_TRANSITIONS_SOT_EXISTS=1
U4_TRANSITIONS_GUARD_OK=1
U4_NO_SIDE_EFFECTS_RULE_EXISTS=1
U4_TESTS_OK=1
U4_PROOF_OK=1
U5_ERROR_MAP_SOT_EXISTS=1
U5_ERROR_MAP_SCHEMA_OK=1
U5_COMMAND_ERROR_SHAPE_OK=1
U5_TESTS_OK=1
U5_PROOF_OK=1
U6_A11Y_BASELINE_EXISTS=1
U6_A11Y_TESTS_OK=1
U6_A11Y_PROOF_OK=1
U7_VISUAL_BASELINE_EXISTS=1
U7_VISUAL_TESTS_OK=1
U7_VISUAL_PROOF_OK=1
U8_PERF_RULE_EXISTS=1
U8_PERF_TESTS_OK=1
U8_PERF_PROOF_OK=1
SECTOR_U_CLOSE_REPORT_PATH=docs/OPS/STATUS/SECTOR_U_CLOSE_REPORT.md
SECTOR_U_CLOSED_LOCK_PATH=docs/OPS/STATUS/SECTOR_U_CLOSED_LOCK.json
SECTOR_U_CLOSE_READY=1
SECTOR_U_CLOSE_OK=1
SECTOR_U_CLOSED_MUTATION=0
SECTOR_U_CLOSED_MUTATION_VIOLATIONS=[]
NEXT_SECTOR_ID=NONE
NEXT_SECTOR_GO_TAG=
NEXT_SECTOR_STATUS_OK=1
NEXT_SECTOR_READY=1
NEXT_SECTOR_UNMET_PREREQS=[]
CANON_ENTRYPOINT_POLICY_OK=1
U_DETECT_ONLY_CARVEOUT_OK=1
FULL_POLICY_NO_DUPLICATION_OK=1
CANON_ENTRYPOINT_SPLIT_BRAIN_DETECTED=0
SECTOR_M_TESTS_PHASE_AGNOSTIC_OK=1
SECTOR_M_SCOPE_MAP_OK=1
DELIVERY_FALLBACK_RUNBOOK_OK=1
NETWORK_GATE_READY=0
CANON_WORKTREE_POLICY_OK=1
CANON_WORKTREE_SPLIT_BRAIN_DETECTED=0
SECTOR_M_SCOPE_SSOT_OK=1
SECTOR_M_FAST_FULL_DIVERGENCE_OK=1
NETWORK_GATE_MODE=local
OPS_STANDARD_GLOBAL_OK=1
REQUIRED_CHECKS_CONTRACT_PRESENT_OK=1
REQUIRED_CHECKS_SYNC_OK=1
REQUIRED_CHECKS_SOURCE=canonical
REQUIRED_CHECKS_STALE=0
POST_MERGE_VERIFY_CLEANUP_FAIL_STREAK=0
OPS_FREEZE_ACTIVE=1
OPS_BLOCKING_GATES_MAX=4
OPS_BLOCKING_GATES_OK=1
OPS_SSOT_SINGLE_SOURCE_OK=1
OPS_RATIO_RULE_DOC_PRESENT_OK=1
XPLAT_CONTRACT_PATH=docs/OPS/STATUS/XPLAT_UNIFIED_MASTER_EXECUTION_CONTRACT_v3.13a-final.md
XPLAT_CONTRACT_PRESENT=1
XPLAT_CONTRACT_SHA256=b8e99ad1c9cd37e874d3145c79be99f6f3181a9eae7078060f9e497e0896077b
XPLAT_CONTRACT_OK=1
XPLAT_CONTRACT_FAIL_REASON=
GOVERNANCE_FREEZE_OK=1
GOVERNANCE_FREEZE_ACTIVE=0
GOVERNANCE_FREEZE_CHANGED_FILES=[]
GOVERNANCE_CHANGE_OK=1
GOVERNANCE_CHANGE_FILES=["docs/OPS/EVIDENCE/promotion/rc-591ed56fb3e2-8a2da1ef/doctor-strict.log","docs/OPS/EVIDENCE/promotion/rc-591ed56fb3e2-8a2da1ef/failsignal-registry-snapshot.json","docs/OPS/EVIDENCE/promotion/rc-591ed56fb3e2-8a2da1ef/heavy-lane-summary.json","docs/OPS/EVIDENCE/promotion/rc-591ed56fb3e2-8a2da1ef/menuArtifactHash.txt","docs/OPS/EVIDENCE/promotion/rc-591ed56fb3e2-8a2da1ef/perfBaseline.json","docs/OPS/EVIDENCE/promotion/rc-591ed56fb3e2-8a2da1ef/promotion-summary.json","docs/OPS/EVIDENCE/promotion/rc-591ed56fb3e2-8a2da1ef/token-required-set.json","docs/OPS/GOVERNANCE_APPROVALS/GOVERNANCE_CHANGE_APPROVALS.json","docs/OPS/STATUS/RELEASE_CANDIDATE_LOCK.json","scripts/ops/collab-apply-pipeline-state.mjs","scripts/ops/collab-eventlog-state.mjs","test/contracts/collab-apply-pipeline-typed-errors.contract.test.js","test/contracts/yalken-atlas-v5-e07-c03-language-tag-author-truth-mixed-range-router.contract.test.js","test/contracts/yalken-atlas-v5-e10-c03-operation-replay-command-event-log.contract.test.js","test/contracts/yalken-atlas-v5-final-audit-p0-01-future-schema-loss.contract.test.js","test/contracts/yalken-atlas-v5-final-audit-p0-04-design-os-binding.contract.test.js","test/contracts/yalken-atlas-v5-final-audit-p0-05-manual-map-portability.contract.test.js","test/contracts/yalken-atlas-v5-p1-domain-event-contract-repair.contract.test.js","test/contracts/yalken-atlas-v5-stage10-pr1391-audit-repair.contract.test.js"]
OPS_GOVERNANCE_BASELINE_OK=1
OPS_GOVERNANCE_BASELINE_EXPECTED_GLOBAL=fe28221593eb23cd8aa1f2350585202fa42efab7496603bc215d210af794c338
OPS_GOVERNANCE_BASELINE_ACTUAL_GLOBAL=fe28221593eb23cd8aa1f2350585202fa42efab7496603bc215d210af794c338
OPS_GOVERNANCE_BASELINE_MISMATCH_FILES=[]
TOKEN_CATALOG_IMMUTABLE_OK=1
TOKEN_CATALOG_LOCK_EXPECTED_SHA256=2760abd61b5fdc038eac91c2aee083b00d2136a003f4891cb90a47b16ed91e3e
TOKEN_CATALOG_LOCK_ACTUAL_SHA256=2760abd61b5fdc038eac91c2aee083b00d2136a003f4891cb90a47b16ed91e3e
REMOTE_BINDING_OK=0
HEAD_STRICT_OK=1
CRITICAL_CLAIM_MATRIX_OK=1
TOKEN_DECLARATION_VALID_OK=1
SCR_RUNTIME_SHARED_RATIO_OK=1
SCR_APP_TOTAL_SHARED_RATIO_INFO=0.063409
SCR_SHARED_CODE_RATIO_OK=1
DEBT_TTL_VALID_OK=1
DEBT_TTL_EXPIRED_COUNT=0
DRIFT_UNRESOLVED_P0_COUNT=0
WAVE_INPUT_HASH_PRESENT=1
WAVE_TTL_VALID=1
WAVE_RESULT_REUSED=0
WAVE_RESULT_STALE=0
STAGE_ACTIVE=0
ACTIVE_STAGE_ID=NONE
RELEVANT_STAGE_GATED_SSOT_COUNT=0
STAGE_ACTIVATION_OK=1
WAVE_FRESHNESS_OK=1
FREEZE_MODE_STRICT_OK=1
FREEZE_READY_OK=1
GOVERNANCE_STRICT_OK=1
GOVERNANCE_STATE_VALID=1
STRATEGY_PROGRESS_VALID=1
CORE_SOT_REDUCER_IMPLEMENTED_OK=1
CORE_SOT_SCHEMA_ALIGNED_OK=1
CORE_SOT_COMMAND_CANON_OK=1
CORE_SOT_TYPED_ERRORS_OK=1
CORE_SOT_HASH_DETERMINISTIC_OK=1
CORE_SOT_EXECUTABLE_OK=1
COMMAND_SURFACE_ENFORCED_OK=1
COMMAND_SURFACE_SINGLE_ENTRY_OK=1
COMMAND_SURFACE_BYPASS_NEGATIVE_TESTS_OK=1
PATH_BOUNDARY_GUARD_OK=1
DEPENDENCY_REMEDIATION_POLICY_OK=1
PRE_UI_OPS_CONTOUR_RECORD_VALID_OK=1
PRE_UI_OPS_CONTOUR_CLOSED_OK=0
CAPABILITY_MATRIX_NON_EMPTY_OK=1
CAPABILITY_BASELINE_MIN_OK=1
CAPABILITY_COMMAND_BINDING_OK=1
CAPABILITY_COMMAND_COVERAGE_OK=1
CAPABILITY_PLATFORM_RESOLVER_OK=1
CAPABILITY_UNSUPPORTED_TYPED_ERRORS_OK=1
CAPABILITY_UNSUPPORTED_MAP_COVERAGE_OK=1
CAPABILITY_ENFORCED_OK=1
RECOVERY_ATOMIC_WRITE_OK=1
RECOVERY_SNAPSHOT_OK=1
RECOVERY_CORRUPTION_OK=1
RECOVERY_TYPED_ERRORS_OK=1
RECOVERY_REPLAY_OK=1
RECOVERY_ACTION_CANON_OK=1
RECOVERY_IO_OK=1
HOTPATH_POLICY_OK=1
PERF_FIXTURE_OK=1
PERF_RUNNER_DETERMINISTIC_OK=1
PERF_THRESHOLD_OK=1
PERF_BASELINE_OK=1
PLATFORM_COVERAGE_DECLARED_OK=1
PLATFORM_COVERAGE_BOUNDARY_TESTED_OK=1
DERIVED_VIEWS_PURE_OK=1
DERIVED_VIEWS_DETERMINISTIC_OK=1
DERIVED_VIEWS_NO_SECOND_SOT_OK=1
DERIVED_VIEWS_INVALIDATION_KEY_OK=1
DERIVED_VIEWS_INFRA_OK=1
MINDMAP_DERIVED_GRAPH_DETERMINISTIC_OK=1
MINDMAP_DERIVED_GRAPH_HASH_OK=1
MINDMAP_DERIVED_GRAPH_INVALIDATION_KEY_OK=1
MINDMAP_DERIVED_GRAPH_NO_SECOND_SOT_OK=1
MINDMAP_DERIVED_GRAPH_OK=1
XPLAT_COST_GUARANTEE_OK=1
ADAPTERS_DECLARED_OK=1
ADAPTERS_BOUNDARY_TESTED_OK=1
ADAPTERS_PARITY_OK=1
ADAPTERS_ENFORCED_OK=1
COLLAB_STRESS_SAFE_OK=1
COLLAB_EVENTLOG_SCHEMA_OK=1
COLLAB_EVENTLOG_APPEND_ONLY_OK=1
COLLAB_EVENTLOG_REPLAY_DETERMINISTIC_OK=1
COLLAB_EVENTLOG_IDEMPOTENCY_OK=1
COLLAB_EVENTLOG_OK=1
COLLAB_APPLY_PIPELINE_PURE_OK=1
COLLAB_APPLY_PIPELINE_DETERMINISTIC_OK=1
COLLAB_APPLY_PIPELINE_TYPED_ERRORS_OK=1
COLLAB_APPLY_PIPELINE_OK=1
COLLAB_CAUSAL_QUEUE_READINESS_OK=1
COMMENTS_HISTORY_SAFE_OK=1
SIMULATION_MIN_CONTRACT_OK=1
XPLAT_CONTRACT_MACOS_SIGNING_READY_OK=1
RELEASE_ARTIFACT_SOURCES_OK=1
THIRD_PARTY_NOTICES_READINESS_OK=1
TOKEN_SOURCE_CONFLICT_OK=1
INDEX_INVENTORY_IDS_SORTED=1
INDEX_INVENTORY_IDS_DUPES=0
INDEX_INVENTORY_IDS_VIOLATIONS_COUNT=0
INDEX_INVENTORY_IDS_VIOLATIONS=[]
REGISTRY_INVARIANT_IDS_SORTED=1
REGISTRY_INVARIANT_IDS_DUPES=0
REGISTRY_INVARIANT_IDS_VIOLATIONS_COUNT=0
REGISTRY_INVARIANT_IDS_VIOLATIONS=[]
INVENTORY_INDEX_MANAGED_COUNT=11
INVENTORY_EMPTY_VIOLATIONS_COUNT=0
INVENTORY_EMPTY_VIOLATIONS=[]
C_TRACE_SINK_LOCATOR_PATH=test/fixtures/runtime/trace/
C_TRACE_SINK_LOCATOR_PATH_EXISTS=1
C_TRACE_SINK_LOCATOR_PATH_KIND=dir
C_TRACE_SINK_LOCATOR_PATH_ERROR=
RUNTIME_SIGNALS_VIOLATIONS=[]
RUNTIME_SIGNALS_VIOLATIONS_COUNT=0
CORE_DET_VIOLATION file=src/core/notesStorage.mjs token="new Date(" invariant=CORE-DET-001
CORE_DET_VIOLATION file=src/core/notesStorage.mjs token="crypto.randomUUID" invariant=CORE-DET-002
CORE_DET_VIOLATION file=src/core/proRoundtripPreservation.mjs token="new Date(" invariant=CORE-DET-001
CORE_BOUNDARY_OK
CORE_DET_WARN_MISSING_DEBT
QUEUE_POLICY_OK
CAPABILITIES_OK
PUBLIC_SURFACE_OK
EVENTS_APPEND_OK
SNAPSHOT_OK
EFFECT_IDEMP_OK
ONDISK_OK
DEBT_TTL_WARN
IGNORED_INVARIANTS=[]
IGNORED_INVARIANTS_COUNT=0
CONTOUR_C_ENFORCEMENT_ENTRIES=["C_RUNTIME_NO_BYPASS_CORE","C_RUNTIME_SINGLE_WRITER_ORDERING_KEY","C_RUNTIME_TRACE_STRUCTURED_DIAGNOSTICS"]
CONTOUR_C_ENFORCEMENT_ENTRIES_COUNT=3
CONTOUR_C_ENFORCEMENT_APPLICABLE=["C_RUNTIME_NO_BYPASS_CORE","C_RUNTIME_SINGLE_WRITER_ORDERING_KEY","C_RUNTIME_TRACE_STRUCTURED_DIAGNOSTICS"]
CONTOUR_C_ENFORCEMENT_APPLICABLE_COUNT=3
CONTOUR_C_ENFORCEMENT_IGNORED=[]
CONTOUR_C_ENFORCEMENT_IGNORED_COUNT=0
CONTOUR_C_ENFORCEMENT_VIOLATIONS=[]
CONTOUR_C_ENFORCEMENT_VIOLATIONS_COUNT=0
CONTOUR_C_ENFORCEMENT_REGISTRY_IDS=["C_RUNTIME_NO_BYPASS_CORE","C_RUNTIME_SINGLE_WRITER_ORDERING_KEY","C_RUNTIME_TRACE_STRUCTURED_DIAGNOSTICS"]
CONTOUR_C_ENFORCEMENT_REGISTRY_IDS_COUNT=3
CONTOUR_C_ENFORCEMENT_PLAN_IDS=["C_RUNTIME_NO_BYPASS_CORE","C_RUNTIME_SINGLE_WRITER_ORDERING_KEY","C_RUNTIME_TRACE_STRUCTURED_DIAGNOSTICS"]
CONTOUR_C_ENFORCEMENT_PLAN_IDS_COUNT=3
CONTOUR_C_ENFORCEMENT_MISSING_PLAN_IDS=[]
CONTOUR_C_ENFORCEMENT_MISSING_PLAN_IDS_COUNT=0
CONTOUR_C_ENFORCEMENT_EXTRA_PLAN_IDS=[]
CONTOUR_C_ENFORCEMENT_EXTRA_PLAN_IDS_COUNT=0
CONTOUR_C_EXIT_IMPLEMENTED_P0_COUNT=3
CONTOUR_C_EXIT_IMPLEMENTED_P0_REQUIRED=3
CONTOUR_C_EXIT_IMPLEMENTED_P0_OK=1
CONTOUR_C_EXIT_IMPLEMENTED_P0_IDS=["C_RUNTIME_NO_BYPASS_CORE","C_RUNTIME_SINGLE_WRITER_ORDERING_KEY","C_RUNTIME_TRACE_STRUCTURED_DIAGNOSTICS"]
EFFECTIVE_MODE=STRICT
INVARIANT_RESULTS=["CORE_PURITY_NO_EFFECT_TOKENS:OK","C_RUNTIME_NO_BYPASS_CORE:OK","C_RUNTIME_SINGLE_WRITER_ORDERING_KEY:OK","C_RUNTIME_TRACE_STRUCTURED_DIAGNOSTICS:OK","PLATFORM_ADAPTERS_DECLARED:OK","PLATFORM_BASELINE_DOC_PRESENT:OK","PLATFORM_NO_CORE_PLATFORM_DEPS:OK"]
INVARIANT_RESULTS_COUNT=7
INVARIANT_STATUS_COUNTS={"OK":7,"FAIL":0}
INVARIANT_STATUS_COUNTS_SUM=7
INVARIANT_RESULTS_CONTAINS_IGNORED=0
INVARIANT_RESULTS_IGNORED_INTERSECTION=[]
ENFORCED_INVARIANTS=["CORE_PURITY_NO_EFFECT_TOKENS","C_RUNTIME_NO_BYPASS_CORE","C_RUNTIME_SINGLE_WRITER_ORDERING_KEY","C_RUNTIME_TRACE_STRUCTURED_DIAGNOSTICS","PLATFORM_ADAPTERS_DECLARED","PLATFORM_BASELINE_DOC_PRESENT","PLATFORM_NO_CORE_PLATFORM_DEPS"]
PLACEHOLDER_INVARIANTS=[]
NO_SOURCE_INVARIANTS=[]
PLACEHOLDER_INVARIANTS_COUNT=0
NO_SOURCE_INVARIANTS_COUNT=0
RUNTIME_INVARIANT_IDS=["C_RUNTIME_NO_BYPASS_CORE","C_RUNTIME_SINGLE_WRITER_ORDERING_KEY","C_RUNTIME_TRACE_STRUCTURED_DIAGNOSTICS"]
RUNTIME_INVARIANT_IDS_COUNT=3
RUNTIME_INVARIANT_COVERAGE_MAP_IDS=["C_RUNTIME_NO_BYPASS_CORE","C_RUNTIME_SINGLE_WRITER_ORDERING_KEY","C_RUNTIME_TRACE_STRUCTURED_DIAGNOSTICS"]
RUNTIME_INVARIANT_COVERAGE_MAP_IDS_COUNT=3
RUNTIME_INVARIANT_COVERAGE_MISSING_IDS=[]
RUNTIME_INVARIANT_COVERAGE_MISSING_IDS_COUNT=0
RUNTIME_INVARIANT_COVERAGE_ORPHAN_IDS=[]
RUNTIME_INVARIANT_COVERAGE_ORPHAN_IDS_COUNT=0
RUNTIME_INVARIANT_COVERAGE_MISSING_FILES=[]
RUNTIME_INVARIANT_COVERAGE_MISSING_FILES_COUNT=0
RUNTIME_INVARIANT_COVERAGE_OK=1
CONTOUR_C_DOCS_CONTRACTS_EXPECTED=["docs/CONTRACTS/runtime-effects.contract.md","docs/CONTRACTS/runtime-execution.contract.md","docs/CONTRACTS/runtime-queue.contract.md","docs/CONTRACTS/runtime-trace.contract.md"]
CONTOUR_C_DOCS_CONTRACTS_PRESENT=["docs/CONTRACTS/runtime-effects.contract.md","docs/CONTRACTS/runtime-execution.contract.md","docs/CONTRACTS/runtime-queue.contract.md","docs/CONTRACTS/runtime-trace.contract.md"]
CONTOUR_C_DOCS_CONTRACTS_PRESENT_COUNT=4
CONTOUR_C_DOCS_CONTRACTS_MISSING=[]
CONTOUR_C_DOCS_CONTRACTS_MISSING_COUNT=0
CONTOUR_C_DOCS_CONTRACTS_OK=1
CONTOUR_C_CONTRACTS_FROZEN_ENTRYPOINT_PATH=docs/CONTRACTS/CONTOUR-C-CONTRACTS-FROZEN.md
CONTOUR_C_CONTRACTS_FROZEN_ENTRYPOINT_EXISTS=1
CONTOUR_C_CONTRACTS_FROZEN_EXPECTED=["docs/CONTRACTS/runtime-effects.contract.md","docs/CONTRACTS/runtime-execution.contract.md","docs/CONTRACTS/runtime-queue.contract.md","docs/CONTRACTS/runtime-trace.contract.md"]
CONTOUR_C_CONTRACTS_FROZEN_OBSERVED=["docs/CONTRACTS/runtime-effects.contract.md","docs/CONTRACTS/runtime-execution.contract.md","docs/CONTRACTS/runtime-queue.contract.md","docs/CONTRACTS/runtime-trace.contract.md"]
CONTOUR_C_CONTRACTS_FROZEN_MISSING=[]
CONTOUR_C_CONTRACTS_FROZEN_EXTRA=[]
CONTOUR_C_CONTRACTS_FROZEN_OK=1
CONTOUR_C_CONTRACTS_FROZEN_EXPECTED_COUNT=4
CONTOUR_C_CONTRACTS_FROZEN_OBSERVED_COUNT=4
CONTOUR_C_CONTRACTS_FROZEN_MISSING_COUNT=0
CONTOUR_C_CONTRACTS_FROZEN_EXTRA_COUNT=0
CONTOUR_C_SRC_CONTRACTS_EXPECTED=["src/contracts/runtime/index.ts","src/contracts/runtime/runtime-effects.contract.ts","src/contracts/runtime/runtime-execution.contract.ts","src/contracts/runtime/runtime-queue.contract.ts","src/contracts/runtime/runtime-trace.contract.ts"]
CONTOUR_C_SRC_CONTRACTS_EXPECTED_COUNT=5
CONTOUR_C_SRC_CONTRACTS_MISSING=[]
CONTOUR_C_SRC_CONTRACTS_MISSING_COUNT=0
CONTOUR_C_SRC_CONTRACTS_OK=1
CURRENT_WAVE_GUARD_RAN=1
CURRENT_WAVE_STOP_CONDITION_OK=1
CURRENT_WAVE_STOP_CONDITION_FAIL_REASON=
CURRENT_WAVE_STRICT_DOCTOR_EXIT=0
CURRENT_WAVE_BOUNDARY_GUARD_EXIT=0
DOCTOR_INFO
